[05/07/2026 15:26:02,32] === Demarrage push Trena === 
Commit: Update: Trena project - 05/07/2026 15:26:02,32 
Branche cible: main 
 
[INFO] Status actuel du repository: 
M  README.md
M  SETUP.md
M  Trena-push.bat
M  backend-python/app/db/repo.py
M  backend-python/app/engine/insights.py
M  backend-python/app/engine/plan_generator.py
A  backend-python/app/engine/workout.py
M  backend-python/app/main.py
M  backend-python/app/routers/calendar.py
M  backend-python/app/routers/daily.py
M  backend-python/app/routers/dashboard.py
M  backend-python/app/routers/plan.py
A  backend-python/app/routers/sessions.py
M  backend-python/app/services/calendar_sync.py
A  backend-python/tests/test_sessions_and_purge.py
M  frontend/app/actions.ts
A  frontend/app/api/export/route.ts
M  frontend/app/dashboard/page.tsx
M  frontend/app/globals.css
M  frontend/app/layout.tsx
M  frontend/app/login/page.tsx
M  frontend/app/metrics/page.tsx
M  frontend/app/objectives/page.tsx
A  frontend/app/profile/page.tsx
A  frontend/components/Footer.tsx
M  frontend/components/GarminLink.tsx
M  frontend/components/Nav.tsx
A  frontend/components/ThemeToggle.tsx
M  frontend/components/dashboard/Hero.tsx
M  frontend/components/dashboard/HistoryTimeline.tsx
M  frontend/components/dashboard/InsightsCard.tsx
M  frontend/components/dashboard/PhysioGrid.tsx
M  frontend/components/dashboard/SessionCard.tsx
M  frontend/components/dashboard/TrajectoryChart.tsx
M  frontend/components/dashboard/WeekStrip.tsx
M  frontend/lib/engine.ts
A  frontend/lib/format.ts
M  frontend/tailwind.config.ts
AM push_trena_20260507_152548.log
A  sql/migration-002.sql
M  sql/schema.sql
?? push_trena_20260507_152602.log
[OK] Fichiers ajoutes 
[INFO] Aucune modification a commiter 
